MemTotal:        4045760 kB
MemFree:         1430488 kB
Buffers:           59908 kB
Cached:           703948 kB
SwapCached:        18892 kB
Active:          1686488 kB
Inactive:         552156 kB
Active(anon):    1380892 kB
Inactive(anon):    99760 kB
Active(file):     305596 kB
Inactive(file):   452396 kB
Unevictable:        4108 kB
Mlocked:            4108 kB
HighTotal:       3201412 kB
HighFree:         851736 kB
LowTotal:         844348 kB
LowFree:          578752 kB
SwapTotal:       7805948 kB
SwapFree:        7688928 kB
Dirty:                32 kB
Writeback:             0 kB
AnonPages:       1464996 kB
Mapped:           149196 kB
Shmem:              3408 kB
Slab:              59908 kB
SReclaimable:      36228 kB
SUnreclaim:        23680 kB
KernelStack:        4008 kB
PageTables:        13564 kB
NFS_Unstable:          0 kB
Bounce:                0 kB
WritebackTmp:          0 kB
CommitLimit:     9828828 kB
Committed_AS:    4383396 kB
VmallocTotal:     122880 kB
VmallocUsed:       59416 kB
VmallocChunk:      47456 kB
HardwareCorrupted:     0 kB
AnonHugePages:         0 kB
HugePages_Total:       0
HugePages_Free:        0
HugePages_Rsvd:        0
HugePages_Surp:        0
Hugepagesize:       2048 kB
DirectMap4k:       32760 kB
DirectMap2M:      880640 kB
